// Jest Snapshot v1, https://goo.gl/fbAQLP

exports[`AccountStatusList renders correctly 1`] = `
<AccountStatusList>
  <AccountStatusListContextProvider>
    <div>
      <Suspense
        fallback={<CSuspense />}
      >
        <Interceptor
          spinnerFlag={true}
        />
      </Suspense>
    </div>
  </AccountStatusListContextProvider>
</AccountStatusList>
`;
